2026-06-02T07:49:28Z INF Thank you for trying Cloudflare Tunnel. Doing so, without a Cloudflare account, is a quick way to experiment and try it out. However, be aware that these account-less Tunnels have no uptime guarantee, are subject to the Cloudflare Online Services Terms of Use (https://www.cloudflare.com/website-terms/), and Cloudflare reserves the right to investigate your use of Tunnels for violations of such terms. If you intend to use Tunnels in production you should use a pre-created named tunnel by following: https://developers.cloudflare.com/cloudflare-one/connections/connect-apps
2026-06-02T07:49:28Z INF Requesting new quick Tunnel on trycloudflare.com...
2026-06-02T07:49:33Z INF +--------------------------------------------------------------------------------------------+
2026-06-02T07:49:33Z INF |  Your quick Tunnel has been created! Visit it at (it may take some time to be reachable):  |
2026-06-02T07:49:33Z INF |  https://victoria-pursuant-guidelines-widescreen.trycloudflare.com                         |
2026-06-02T07:49:33Z INF +--------------------------------------------------------------------------------------------+
2026-06-02T07:49:33Z INF Cannot determine default configuration path. No file [config.yml config.yaml] in [~/.cloudflared ~/.cloudflare-warp ~/cloudflare-warp]
2026-06-02T07:49:33Z INF Version 2026.5.2 (Checksum 20b9638f685333d623798e733effbad2487093f15ba592f6c7752360ff3b7ab7)
2026-06-02T07:49:33Z INF GOOS: windows, GOVersion: go1.26.3, GoArch: amd64
2026-06-02T07:49:33Z INF Settings: map[ha-connections:1 no-autoupdate:true p:http2 protocol:http2 url:http://localhost]
2026-06-02T07:49:33Z INF cloudflared will not automatically update on Windows systems.
2026-06-02T07:49:33Z INF Generated Connector ID: 4025da2a-687a-4e13-871d-331617b731ca
2026-06-02T07:49:33Z INF Initial protocol http2
2026-06-02T07:49:33Z INF ICMP proxy will use 192.168.1.2 as source for IPv4
2026-06-02T07:49:33Z INF ICMP proxy will use 2404:c0:ba04:c22b:f04f:fd30:4fc0:7dcb in zone Wi-Fi as source for IPv6
2026-06-02T07:49:33Z INF cloudflared does not support loading the system root certificate pool on Windows. Please use --origin-ca-pool <PATH> to specify the path to the certificate pool
2026-06-02T07:49:33Z INF ICMP proxy will use 192.168.1.2 as source for IPv4
2026-06-02T07:49:33Z INF Tunnel connection curve preferences: [X25519MLKEM768 CurveID(65074) CurveP256] connIndex=0 event=0 ip=2606:4700:a0::9
2026-06-02T07:49:33Z INF ICMP proxy will use 2404:c0:ba04:c22b:f04f:fd30:4fc0:7dcb in zone Wi-Fi as source for IPv6
2026-06-02T07:49:33Z INF Starting metrics server on 127.0.0.1:20241/metrics
2026-06-02T07:49:34Z INF Registered tunnel connection connIndex=0 connection=151dc47b-706a-4a11-a508-66311059b336 event=0 ip=2606:4700:a0::9 location=sin06 protocol=http2
2026-06-02T07:49:43Z INF +----------------------------------------------------------------------------------------------------+
2026-06-02T07:49:43Z INF |                                      CONNECTIVITY PRE-CHECKS                                       |
2026-06-02T07:49:43Z INF +----------------------------------------------------------------------------------------------------+
2026-06-02T07:49:43Z INF |  COMPONENT         TARGET                     STATUS  DETAILS                                      |
2026-06-02T07:49:43Z INF |  DNS Resolution    region1.v2.argotunnel.com  PASS    DNS Resolved successfully                    |
2026-06-02T07:49:43Z INF |  DNS Resolution    region2.v2.argotunnel.com  PASS    DNS Resolved successfully                    |
2026-06-02T07:49:43Z INF |  UDP Connectivity  region1.v2.argotunnel.com  FAIL    QUIC connection failed                       |
2026-06-02T07:49:43Z INF |  UDP Connectivity  region2.v2.argotunnel.com  FAIL    QUIC connection failed                       |
2026-06-02T07:49:43Z INF |  TCP Connectivity  region1.v2.argotunnel.com  PASS    HTTP/2 connection successful                 |
2026-06-02T07:49:43Z INF |  TCP Connectivity  region2.v2.argotunnel.com  FAIL    HTTP/2 connection is blocked or unreachable  |
2026-06-02T07:49:43Z INF |  Cloudflare API    api.cloudflare.com:443     PASS    API is reachable                             |
2026-06-02T07:49:43Z INF |  ERROR: Allow outbound QUIC traffic on port 7844 or use HTTP2.                                     |
2026-06-02T07:49:43Z INF |  ERROR: Allow outbound QUIC traffic on port 7844 or use HTTP2.                                     |
2026-06-02T07:49:43Z INF |  ERROR: Allow outbound TCP on port 7844.                                                           |
2026-06-02T07:49:43Z INF |                                                                                                    |
2026-06-02T07:49:43Z INF |  SUMMARY: Environment has critical failures. cloudflared may not be able to establish a tunnel.    |
2026-06-02T07:49:43Z INF +----------------------------------------------------------------------------------------------------+
2026-06-02T07:49:43Z INF precheck component="DNS Resolution" details="DNS Resolved successfully" run_id=be3aef9d-29b3-45dd-aaa3-315cf18d786f status=pass target=region1.v2.argotunnel.com
2026-06-02T07:49:43Z INF precheck component="DNS Resolution" details="DNS Resolved successfully" run_id=be3aef9d-29b3-45dd-aaa3-315cf18d786f status=pass target=region2.v2.argotunnel.com
2026-06-02T07:49:43Z INF precheck component="UDP Connectivity" details="QUIC connection failed" run_id=be3aef9d-29b3-45dd-aaa3-315cf18d786f status=fail target=region1.v2.argotunnel.com
2026-06-02T07:49:43Z INF precheck component="UDP Connectivity" details="QUIC connection failed" run_id=be3aef9d-29b3-45dd-aaa3-315cf18d786f status=fail target=region2.v2.argotunnel.com
2026-06-02T07:49:43Z INF precheck component="TCP Connectivity" details="HTTP/2 connection successful" run_id=be3aef9d-29b3-45dd-aaa3-315cf18d786f status=pass target=region1.v2.argotunnel.com
2026-06-02T07:49:43Z INF precheck component="TCP Connectivity" details="HTTP/2 connection is blocked or unreachable" run_id=be3aef9d-29b3-45dd-aaa3-315cf18d786f status=fail target=region2.v2.argotunnel.com
2026-06-02T07:49:43Z INF precheck component="Cloudflare API" details="API is reachable" run_id=be3aef9d-29b3-45dd-aaa3-315cf18d786f status=pass target=api.cloudflare.com:443
2026-06-02T07:49:43Z INF precheck complete hard_fail=true run_id=be3aef9d-29b3-45dd-aaa3-315cf18d786f
